VCD info: dumpfile dump.vcd opened for output.
VCD warning: array word testbench.top_entity.cpu_entity.register_file_instance.rf[0] will conflict with an escaped identifier.
VCD warning: array word testbench.top_entity.cpu_entity.register_file_instance.rf[1] will conflict with an escaped identifier.
VCD warning: array word testbench.top_entity.cpu_entity.register_file_instance.rf[2] will conflict with an escaped identifier.
VCD warning: array word testbench.top_entity.cpu_entity.register_file_instance.rf[3] will conflict with an escaped identifier.
VCD warning: array word testbench.top_entity.cpu_entity.register_file_instance.rf[4] will conflict with an escaped identifier.
VCD warning: array word testbench.top_entity.cpu_entity.register_file_instance.rf[5] will conflict with an escaped identifier.
VCD warning: array word testbench.top_entity.cpu_entity.register_file_instance.rf[6] will conflict with an escaped identifier.
VCD warning: array word testbench.top_entity.cpu_entity.register_file_instance.rf[7] will conflict with an escaped identifier.
VCD warning: array word testbench.top_entity.cpu_entity.register_file_instance.rf[8] will conflict with an escaped identifier.
VCD warning: array word testbench.top_entity.cpu_entity.register_file_instance.rf[9] will conflict with an escaped identifier.
VCD warning: array word testbench.top_entity.cpu_entity.register_file_instance.rf[10] will conflict with an escaped identifier.
VCD warning: array word testbench.top_entity.cpu_entity.register_file_instance.rf[11] will conflict with an escaped identifier.
VCD warning: array word testbench.top_entity.cpu_entity.register_file_instance.rf[12] will conflict with an escaped identifier.
VCD warning: array word testbench.top_entity.cpu_entity.register_file_instance.rf[13] will conflict with an escaped identifier.
VCD warning: array word testbench.top_entity.cpu_entity.register_file_instance.rf[14] will conflict with an escaped identifier.
VCD warning: array word testbench.top_entity.cpu_entity.register_file_instance.rf[15] will conflict with an escaped identifier.
VCD warning: array word testbench.top_entity.cpu_entity.register_file_instance.rf[16] will conflict with an escaped identifier.
VCD warning: array word testbench.top_entity.cpu_entity.register_file_instance.rf[17] will conflict with an escaped identifier.
VCD warning: array word testbench.top_entity.cpu_entity.register_file_instance.rf[18] will conflict with an escaped identifier.
VCD warning: array word testbench.top_entity.cpu_entity.register_file_instance.rf[19] will conflict with an escaped identifier.
VCD warning: array word testbench.top_entity.cpu_entity.register_file_instance.rf[20] will conflict with an escaped identifier.
VCD warning: array word testbench.top_entity.cpu_entity.register_file_instance.rf[21] will conflict with an escaped identifier.
VCD warning: array word testbench.top_entity.cpu_entity.register_file_instance.rf[22] will conflict with an escaped identifier.
VCD warning: array word testbench.top_entity.cpu_entity.register_file_instance.rf[23] will conflict with an escaped identifier.
VCD warning: array word testbench.top_entity.cpu_entity.register_file_instance.rf[24] will conflict with an escaped identifier.
VCD warning: array word testbench.top_entity.cpu_entity.register_file_instance.rf[25] will conflict with an escaped identifier.
VCD warning: array word testbench.top_entity.cpu_entity.register_file_instance.rf[26] will conflict with an escaped identifier.
VCD warning: array word testbench.top_entity.cpu_entity.register_file_instance.rf[27] will conflict with an escaped identifier.
VCD warning: array word testbench.top_entity.cpu_entity.register_file_instance.rf[28] will conflict with an escaped identifier.
VCD warning: array word testbench.top_entity.cpu_entity.register_file_instance.rf[29] will conflict with an escaped identifier.
VCD warning: array word testbench.top_entity.cpu_entity.register_file_instance.rf[30] will conflict with an escaped identifier.
VCD warning: array word testbench.top_entity.cpu_entity.register_file_instance.rf[31] will conflict with an escaped identifier.
WARNING: ../../source/cpu.v:364: $readmemh: The behaviour for reg[...] mem[N:0]; $readmemh("...", mem); changed in the 1364-2005 standard. To avoid ambiguity, use mem[0:N] or explicit range parameters $readmemh("...", mem, start, stop);. Defaulting to 1364-2005 behavior.
WARNING: ../../source/cpu.v:364: $readmemh(program.hex): Not enough words in the file for the requested range [0:63].
    0   pc = 00000000   instruction_data = 00800593   x10 = x
    1   pc = 00000000   instruction_data = 00800593   x10 = x
    2   pc = 00000000   instruction_data = 00800593   x10 = x
    3   pc = 00000000   instruction_data = 00800593   x10 = x
    4   pc = 00000004   instruction_data = 00700613   x10 = x
    5   pc = 00000008   instruction_data = 04c5a623   x10 = x
    6   pc = 0000000c   instruction_data = 00b60533   x10 = x
    7   pc = 00000010   instruction_data = 40b60533   x10 = 15
    8   pc = 00000014   instruction_data = 00b64533   x10 = 4294967295
    9   pc = 00000018   instruction_data = 00b66533   x10 = 15
   10   pc = 0000001c   instruction_data = 00b67533   x10 = 15
   11   pc = 00000020   instruction_data = 00b61533   x10 = 0
   12   pc = 00000024   instruction_data = 00b65533   x10 = 1792
   13   pc = 00000028   instruction_data = 40b65533   x10 = 0
   14   pc = 0000002c   instruction_data = 00b62533   x10 = 0
   15   pc = 00000030   instruction_data = 00b63533   x10 = 1
   16   pc = 00000034   instruction_data = 0025c513   x10 = 1
   17   pc = 00000038   instruction_data = 0025e513   x10 = 10
   18   pc = 0000003c   instruction_data = 0025f513   x10 = 10
   19   pc = 00000040   instruction_data = 00259513   x10 = 0
   20   pc = 00000044   instruction_data = 0025d513   x10 = 32
   21   pc = 00000048   instruction_data = 4025d513   x10 = 2
   22   pc = 0000004c   instruction_data = 0025a513   x10 = 2
   23   pc = 00000050   instruction_data = 0025b513   x10 = 0
   24   pc = 00000054   instruction_data = 05402503   x10 = 0
   25   pc = 00000058   instruction_data = 00b50463   x10 = 7
   26   pc = 0000005c   instruction_data = 00150513   x10 = 7
   27   pc = 00000060   instruction_data = feb51ce3   x10 = 8
   28   pc = 00000064   instruction_data = 00002537   x10 = 8
   29   pc = 00000068   instruction_data = 0000056f   x10 = 8192
   30   pc = 00000068   instruction_data = 0000056f   x10 = 108
   31   pc = 00000068   instruction_data = 0000056f   x10 = 108
   32   pc = 00000068   instruction_data = 0000056f   x10 = 108
   33   pc = 00000068   instruction_data = 0000056f   x10 = 108
   34   pc = 00000068   instruction_data = 0000056f   x10 = 108
   35   pc = 00000068   instruction_data = 0000056f   x10 = 108
   36   pc = 00000068   instruction_data = 0000056f   x10 = 108
   37   pc = 00000068   instruction_data = 0000056f   x10 = 108
   38   pc = 00000068   instruction_data = 0000056f   x10 = 108
   39   pc = 00000068   instruction_data = 0000056f   x10 = 108
   40   pc = 00000068   instruction_data = 0000056f   x10 = 108
   41   pc = 00000068   instruction_data = 0000056f   x10 = 108
   42   pc = 00000068   instruction_data = 0000056f   x10 = 108
   43   pc = 00000068   instruction_data = 0000056f   x10 = 108
   44   pc = 00000068   instruction_data = 0000056f   x10 = 108
   45   pc = 00000068   instruction_data = 0000056f   x10 = 108
   46   pc = 00000068   instruction_data = 0000056f   x10 = 108
   47   pc = 00000068   instruction_data = 0000056f   x10 = 108
   48   pc = 00000068   instruction_data = 0000056f   x10 = 108
   49   pc = 00000068   instruction_data = 0000056f   x10 = 108
   50   pc = 00000068   instruction_data = 0000056f   x10 = 108
   51   pc = 00000068   instruction_data = 0000056f   x10 = 108
   52   pc = 00000068   instruction_data = 0000056f   x10 = 108
   53   pc = 00000068   instruction_data = 0000056f   x10 = 108
   54   pc = 00000068   instruction_data = 0000056f   x10 = 108
   55   pc = 00000068   instruction_data = 0000056f   x10 = 108
   56   pc = 00000068   instruction_data = 0000056f   x10 = 108
   57   pc = 00000068   instruction_data = 0000056f   x10 = 108
   58   pc = 00000068   instruction_data = 0000056f   x10 = 108
   59   pc = 00000068   instruction_data = 0000056f   x10 = 108
   60   pc = 00000068   instruction_data = 0000056f   x10 = 108
   61   pc = 00000068   instruction_data = 0000056f   x10 = 108
   62   pc = 00000068   instruction_data = 0000056f   x10 = 108
   63   pc = 00000068   instruction_data = 0000056f   x10 = 108
   64   pc = 00000068   instruction_data = 0000056f   x10 = 108
   65   pc = 00000068   instruction_data = 0000056f   x10 = 108
   66   pc = 00000068   instruction_data = 0000056f   x10 = 108
   67   pc = 00000068   instruction_data = 0000056f   x10 = 108
   68   pc = 00000068   instruction_data = 0000056f   x10 = 108
   69   pc = 00000068   instruction_data = 0000056f   x10 = 108
   70   pc = 00000068   instruction_data = 0000056f   x10 = 108
   71   pc = 00000068   instruction_data = 0000056f   x10 = 108
   72   pc = 00000068   instruction_data = 0000056f   x10 = 108
   73   pc = 00000068   instruction_data = 0000056f   x10 = 108
   74   pc = 00000068   instruction_data = 0000056f   x10 = 108
   75   pc = 00000068   instruction_data = 0000056f   x10 = 108
   76   pc = 00000068   instruction_data = 0000056f   x10 = 108
   77   pc = 00000068   instruction_data = 0000056f   x10 = 108
   78   pc = 00000068   instruction_data = 0000056f   x10 = 108
   79   pc = 00000068   instruction_data = 0000056f   x10 = 108
   80   pc = 00000068   instruction_data = 0000056f   x10 = 108
   81   pc = 00000068   instruction_data = 0000056f   x10 = 108
   82   pc = 00000068   instruction_data = 0000056f   x10 = 108
   83   pc = 00000068   instruction_data = 0000056f   x10 = 108
   84   pc = 00000068   instruction_data = 0000056f   x10 = 108
   85   pc = 00000068   instruction_data = 0000056f   x10 = 108
   86   pc = 00000068   instruction_data = 0000056f   x10 = 108
   87   pc = 00000068   instruction_data = 0000056f   x10 = 108
   88   pc = 00000068   instruction_data = 0000056f   x10 = 108
   89   pc = 00000068   instruction_data = 0000056f   x10 = 108
   90   pc = 00000068   instruction_data = 0000056f   x10 = 108
   91   pc = 00000068   instruction_data = 0000056f   x10 = 108
   92   pc = 00000068   instruction_data = 0000056f   x10 = 108
   93   pc = 00000068   instruction_data = 0000056f   x10 = 108
   94   pc = 00000068   instruction_data = 0000056f   x10 = 108
   95   pc = 00000068   instruction_data = 0000056f   x10 = 108
   96   pc = 00000068   instruction_data = 0000056f   x10 = 108
   97   pc = 00000068   instruction_data = 0000056f   x10 = 108
   98   pc = 00000068   instruction_data = 0000056f   x10 = 108
   99   pc = 00000068   instruction_data = 0000056f   x10 = 108
  100   pc = 00000068   instruction_data = 0000056f   x10 = 108
  101   pc = 00000068   instruction_data = 0000056f   x10 = 108
  102   pc = 00000068   instruction_data = 0000056f   x10 = 108
  103   pc = 00000068   instruction_data = 0000056f   x10 = 108
  104   pc = 00000068   instruction_data = 0000056f   x10 = 108
  105   pc = 00000068   instruction_data = 0000056f   x10 = 108
  106   pc = 00000068   instruction_data = 0000056f   x10 = 108
  107   pc = 00000068   instruction_data = 0000056f   x10 = 108
  108   pc = 00000068   instruction_data = 0000056f   x10 = 108
  109   pc = 00000068   instruction_data = 0000056f   x10 = 108
  110   pc = 00000068   instruction_data = 0000056f   x10 = 108
  111   pc = 00000068   instruction_data = 0000056f   x10 = 108
  112   pc = 00000068   instruction_data = 0000056f   x10 = 108
  113   pc = 00000068   instruction_data = 0000056f   x10 = 108
  114   pc = 00000068   instruction_data = 0000056f   x10 = 108
  115   pc = 00000068   instruction_data = 0000056f   x10 = 108
  116   pc = 00000068   instruction_data = 0000056f   x10 = 108
  117   pc = 00000068   instruction_data = 0000056f   x10 = 108
  118   pc = 00000068   instruction_data = 0000056f   x10 = 108
  119   pc = 00000068   instruction_data = 0000056f   x10 = 108
  120   pc = 00000068   instruction_data = 0000056f   x10 = 108
Timeout
../../testbench/testbench.v:67: $stop called at 24100 (100ps)
